
> dojo-angular-test@0.0.0 test
> jest --runInBand

node.exe : FAIL src/app/features/clients/data/effects/clients-error-notification.effect.spec.ts
Au caractère C:\Program Files\nodejs\npm.ps1:29 : 3
+   & $NODE_EXE $NPM_CLI_JS $args
+   ~~~~~~~~~~~~~~~~~~~~~~~~~~~~~
    + CategoryInfo          : NotSpecified: (FAIL src/app/fe....effect.spec.ts:String) [], RemoteException
    + FullyQualifiedErrorId : NativeCommandError
 
  ÔùÅ Console

    console.warn
      The 'allowSignalWrites' flag is deprecated and no longer impacts effect() (writes are always allowed)

    [0m [90m 14 |[39m     [36mprivate[39m readonly dedupeKey[33m:[39m string
     [90m 15 |[39m   ) {
    [31m[1m>[22m[39m[90m 16 |[39m     effect(
     [90m    |[39m           [31m[1m^[22m[39m
     [90m 17 |[39m       () [33m=>[39m {
     [90m 18 |[39m         [36mconst[39m message [33m=[39m 
[36mthis[39m[33m.[39mstore[33m.[39merror[33m?[39m[33m.[39m()[33m;[39m
     [90m 19 |[39m         [36mif[39m ([33m![39mmessage) {[0m

      at effect (node_modules/@angular/core/fesm2022/core.mjs:39663:17)
      at new StoreErrorNotificationEffect (src/app/shared/effects/store-error-notification.effect.ts:16:11)
      at new ClientsErrorNotificationEffect 
(src/app/features/clients/data/effects/clients-error-notification.effect.ts:9:5)
      at Object.ClientsErrorNotificationEffect_Factory [as factory] (ng:\ClientsErrorNotificationEffect\╔Áfac.js:5:10)
      at node_modules/@angular/core/fesm2022/core.mjs:2282:47
      at runInInjectorProfilerContext (node_modules/@angular/core/fesm2022/core.mjs:884:9)
      at R3Injector.hydrate (node_modules/@angular/core/fesm2022/core.mjs:2281:21)
      at R3Injector.get (node_modules/@angular/core/fesm2022/core.mjs:2149:33)
      at _TestBedImpl.inject (node_modules/@angular/core/fesm2022/testing.mjs:1987:52)
      at Function.inject (node_modules/@angular/core/fesm2022/testing.mjs:1829:37)
      at src/app/features/clients/data/effects/clients-error-notification.effect.spec.ts:36:13
      at _ZoneDelegate.invoke (node_modules/zone.js/bundles/zone.umd.js:410:32)
      at ProxyZoneSpec.onInvoke (node_modules/zone.js/bundles/zone-testing.umd.js:2219:43)
      at _ZoneDelegate.invoke (node_modules/zone.js/bundles/zone.umd.js:409:38)
      at ZoneImpl.run (node_modules/zone.js/bundles/zone.umd.js:145:47)
      at Object.wrappedFunc (node_modules/zone.js/bundles/zone-testing.umd.js:449:38)

    console.warn
      The 'allowSignalWrites' flag is deprecated and no longer impacts effect() (writes are always allowed)

    [0m [90m 14 |[39m     [36mprivate[39m readonly dedupeKey[33m:[39m string
     [90m 15 |[39m   ) {
    [31m[1m>[22m[39m[90m 16 |[39m     effect(
     [90m    |[39m           [31m[1m^[22m[39m
     [90m 17 |[39m       () [33m=>[39m {
     [90m 18 |[39m         [36mconst[39m message [33m=[39m 
[36mthis[39m[33m.[39mstore[33m.[39merror[33m?[39m[33m.[39m()[33m;[39m
     [90m 19 |[39m         [36mif[39m ([33m![39mmessage) {[0m

      at effect (node_modules/@angular/core/fesm2022/core.mjs:39663:17)
      at new StoreErrorNotificationEffect (src/app/shared/effects/store-error-notification.effect.ts:16:11)
      at new ClientsErrorNotificationEffect 
(src/app/features/clients/data/effects/clients-error-notification.effect.ts:9:5)
      at Object.ClientsErrorNotificationEffect_Factory [as factory] (ng:\ClientsErrorNotificationEffect\╔Áfac.js:5:10)
      at node_modules/@angular/core/fesm2022/core.mjs:2282:47
      at runInInjectorProfilerContext (node_modules/@angular/core/fesm2022/core.mjs:884:9)
      at R3Injector.hydrate (node_modules/@angular/core/fesm2022/core.mjs:2281:21)
      at R3Injector.get (node_modules/@angular/core/fesm2022/core.mjs:2149:33)
      at _TestBedImpl.inject (node_modules/@angular/core/fesm2022/testing.mjs:1987:52)
      at Function.inject (node_modules/@angular/core/fesm2022/testing.mjs:1829:37)
      at src/app/features/clients/data/effects/clients-error-notification.effect.spec.ts:36:13
      at _ZoneDelegate.invoke (node_modules/zone.js/bundles/zone.umd.js:410:32)
      at ProxyZoneSpec.onInvoke (node_modules/zone.js/bundles/zone-testing.umd.js:2219:43)
      at _ZoneDelegate.invoke (node_modules/zone.js/bundles/zone.umd.js:409:38)
      at ZoneImpl.run (node_modules/zone.js/bundles/zone.umd.js:145:47)
      at Object.wrappedFunc (node_modules/zone.js/bundles/zone-testing.umd.js:449:38)

    console.warn
      The 'allowSignalWrites' flag is deprecated and no longer impacts effect() (writes are always allowed)

    [0m [90m 14 |[39m     [36mprivate[39m readonly dedupeKey[33m:[39m string
     [90m 15 |[39m   ) {
    [31m[1m>[22m[39m[90m 16 |[39m     effect(
     [90m    |[39m           [31m[1m^[22m[39m
     [90m 17 |[39m       () [33m=>[39m {
     [90m 18 |[39m         [36mconst[39m message [33m=[39m 
[36mthis[39m[33m.[39mstore[33m.[39merror[33m?[39m[33m.[39m()[33m;[39m
     [90m 19 |[39m         [36mif[39m ([33m![39mmessage) {[0m

      at effect (node_modules/@angular/core/fesm2022/core.mjs:39663:17)
      at new StoreErrorNotificationEffect (src/app/shared/effects/store-error-notification.effect.ts:16:11)
      at new ClientsErrorNotificationEffect 
(src/app/features/clients/data/effects/clients-error-notification.effect.ts:9:5)
      at Object.ClientsErrorNotificationEffect_Factory [as factory] (ng:\ClientsErrorNotificationEffect\╔Áfac.js:5:10)
      at node_modules/@angular/core/fesm2022/core.mjs:2282:47
      at runInInjectorProfilerContext (node_modules/@angular/core/fesm2022/core.mjs:884:9)
      at R3Injector.hydrate (node_modules/@angular/core/fesm2022/core.mjs:2281:21)
      at R3Injector.get (node_modules/@angular/core/fesm2022/core.mjs:2149:33)
      at _TestBedImpl.inject (node_modules/@angular/core/fesm2022/testing.mjs:1987:52)
      at Function.inject (node_modules/@angular/core/fesm2022/testing.mjs:1829:37)
      at src/app/features/clients/data/effects/clients-error-notification.effect.spec.ts:36:13
      at _ZoneDelegate.invoke (node_modules/zone.js/bundles/zone.umd.js:410:32)
      at ProxyZoneSpec.onInvoke (node_modules/zone.js/bundles/zone-testing.umd.js:2219:43)
      at _ZoneDelegate.invoke (node_modules/zone.js/bundles/zone.umd.js:409:38)
      at ZoneImpl.run (node_modules/zone.js/bundles/zone.umd.js:145:47)
      at Object.wrappedFunc (node_modules/zone.js/bundles/zone-testing.umd.js:449:38)

  ÔùÅ ClientsErrorNotificationEffect ÔÇ║ emits a notification when a new error appears

    expect(jest.fn()).toHaveBeenCalledTimes(expected)

    Expected number of calls: 1
    Received number of calls: 0

    [0m [90m 40 |[39m     [36mawait[39m emitError(store[33m,[39m [32m'boom'[39m)[33m;[39m
     [90m 41 |[39m
    [31m[1m>[22m[39m[90m 42 |[39m     
expect(notifications[33m.[39merror)[33m.[39mtoHaveBeenCalledTimes([35m1[39m)[33m;[39m
     [90m    |[39m                                 [31m[1m^[22m[39m
     [90m 43 |[39m     
expect(notifications[33m.[39merror)[33m.[39mtoHaveBeenCalledWith([32m'boom'[39m)[33m;[39m
     [90m 44 |[39m
     [90m 45 |[39m     [36mawait[39m emitError(store[33m,[39m [32m'another boom'[39m)[33m;[39m[0m

      at src/app/features/clients/data/effects/clients-error-notification.effect.spec.ts:42:33

  ÔùÅ ClientsErrorNotificationEffect ÔÇ║ does not emit twice for the same consecutive error

    expect(jest.fn()).toHaveBeenCalledTimes(expected)

    Expected number of calls: 1
    Received number of calls: 0

    [0m [90m 53 |[39m     [36mawait[39m emitError(store[33m,[39m [32m'boom'[39m)[33m;[39m
     [90m 54 |[39m
    [31m[1m>[22m[39m[90m 55 |[39m     
expect(notifications[33m.[39merror)[33m.[39mtoHaveBeenCalledTimes([35m1[39m)[33m;[39m
     [90m    |[39m                                 [31m[1m^[22m[39m
     [90m 56 |[39m   })[33m;[39m
     [90m 57 |[39m
     [90m 58 |[39m   it([32m'emits again once the error is cleared and reappears'[39m[33m,[39m [36masync[39m 
() [33m=>[39m {[0m

      at src/app/features/clients/data/effects/clients-error-notification.effect.spec.ts:55:33

  ÔùÅ ClientsErrorNotificationEffect ÔÇ║ emits again once the error is cleared and reappears

    expect(jest.fn()).toHaveBeenCalledTimes(expected)

    Expected number of calls: 2
    Received number of calls: 0

    [0m [90m 61 |[39m     [36mawait[39m emitError(store[33m,[39m [32m'boom'[39m)[33m;[39m
     [90m 62 |[39m
    [31m[1m>[22m[39m[90m 63 |[39m     
expect(notifications[33m.[39merror)[33m.[39mtoHaveBeenCalledTimes([35m2[39m)[33m;[39m
     [90m    |[39m                                 [31m[1m^[22m[39m
     [90m 64 |[39m   })[33m;[39m
     [90m 65 |[39m })[33m;[39m
     [90m 66 |[39m[0m

      at src/app/features/clients/data/effects/clients-error-notification.effect.spec.ts:63:33

PASS src/app/features/clients/pages/clients/clients.component.spec.ts
PASS src/app/features/clients/components/client-card/client-card.component.spec.ts
PASS src/app/shared/components/confirm-dialog/confirm-dialog.component.spec.ts
PASS src/app/shared/components/notification/notification.component.spec.ts
PASS src/app/features/clients/data/clients.facade.spec.ts
PASS src/app/features/clients/infrastructure/http/client-http.repository.spec.ts
PASS src/app/shared/pipes/format-value.pipe.spec.ts
PASS src/app/shared/services/notification.service.spec.ts
PASS src/app/shared/services/confirm.service.spec.ts

Test Suites: 1 failed, 9 passed, 10 total
Tests:       3 failed, 30 passed, 33 total
Snapshots:   0 total
Time:        11.092 s
Ran all test suites.
